// Jest Snapshot v1, https://goo.gl/fbAQLP

exports[`Counter コンポーネント render 1`] = `
<Counter
  count={0}
>
  <div>
    <h3>
      COUNTER
    </h3>
    <div>
      0
    </div>
    <button>
      +1
    </button>
    <button>
      -1
    </button>
    <button>
      Reset
    </button>
  </div>
</Counter>
`;
